Archive member included to satisfy reference by file (symbol)

..\libbip\libbip.a(proxy_import.o)
                              (_start)

Discarded input sections

 .text          0x00000000        0x0 bt_notes.o
 .data          0x00000000        0x0 bt_notes.o
 .bss           0x00000000        0x0 bt_notes.o
 .text          0x00000000        0x0 notification.o
 .data          0x00000000        0x0 notification.o
 .bss           0x00000000        0x0 notification.o
 .text          0x00000000        0x0 utils.o
 .data          0x00000000        0x0 utils.o
 .bss           0x00000000        0x0 utils.o
 .data          0x00000000        0x0 ..\libbip\libbip.a(proxy_import.o)
 .bss           0x00000000        0x0 ..\libbip\libbip.a(proxy_import.o)
 .text.intro    0x00000000        0x9 ..\libbip\libbip.a(proxy_import.o)
 .text.text_width
                0x00000000        0xc ..\libbip\libbip.a(proxy_import.o)
 .text.get_text_height
                0x00000000        0xc ..\libbip\libbip.a(proxy_import.o)
 .text.get_last_text_pos_x
                0x00000000        0xc ..\libbip\libbip.a(proxy_import.o)
 .text.draw_rect
                0x00000000        0xc ..\libbip\libbip.a(proxy_import.o)
 .text.draw_vertical_line
                0x00000000        0xc ..\libbip\libbip.a(proxy_import.o)
 .text.show_res_by_id
                0x00000000        0xc ..\libbip\libbip.a(proxy_import.o)
 .text.draw_filled_rect_bg
                0x00000000        0xc ..\libbip\libbip.a(proxy_import.o)
 .text.draw_rect_or_line
                0x00000000        0xc ..\libbip\libbip.a(proxy_import.o)
 .text.repaint_screen
                0x00000000        0xc ..\libbip\libbip.a(proxy_import.o)
 .text.show_poweroff_message
                0x00000000        0xc ..\libbip\libbip.a(proxy_import.o)
 .text.show_options_menu_2nd_screen
                0x00000000        0xc ..\libbip\libbip.a(proxy_import.o)
 .text.show_menu_options
                0x00000000        0xc ..\libbip\libbip.a(proxy_import.o)
 .text.show_menu
                0x00000000        0xc ..\libbip\libbip.a(proxy_import.o)
 .text.show_options_menu_1st_screen
                0x00000000        0xc ..\libbip\libbip.a(proxy_import.o)
 .text.get_res_ret_language
                0x00000000        0xc ..\libbip\libbip.a(proxy_import.o)
 .text._strlen  0x00000000        0xc ..\libbip\libbip.a(proxy_import.o)
 .text._strcmp  0x00000000        0xc ..\libbip\libbip.a(proxy_import.o)
 .text._strcpy  0x00000000        0xc ..\libbip\libbip.a(proxy_import.o)
 .text._strncmp
                0x00000000        0xc ..\libbip\libbip.a(proxy_import.o)
 .text._strncpy
                0x00000000        0xc ..\libbip\libbip.a(proxy_import.o)
 .text._memset  0x00000000        0xc ..\libbip\libbip.a(proxy_import.o)
 .text._memcpy  0x00000000        0xc ..\libbip\libbip.a(proxy_import.o)
 .text._memcmp  0x00000000        0xc ..\libbip\libbip.a(proxy_import.o)
 .text.get_tick_count
                0x00000000        0xc ..\libbip\libbip.a(proxy_import.o)
 .text.set_close_timer
                0x00000000        0xc ..\libbip\libbip.a(proxy_import.o)
 .text.log_printf
                0x00000000        0xc ..\libbip\libbip.a(proxy_import.o)
 .text.vibrate  0x00000000        0xc ..\libbip\libbip.a(proxy_import.o)
 .text.show_menu_touch_test
                0x00000000        0xc ..\libbip\libbip.a(proxy_import.o)
 .text.show_main_menu_item
                0x00000000        0xc ..\libbip\libbip.a(proxy_import.o)
 .text.show_menu_alipay
                0x00000000        0xc ..\libbip\libbip.a(proxy_import.o)
 .text.keypress_menu_alipay_1st_screen
                0x00000000        0xc ..\libbip\libbip.a(proxy_import.o)
 .text.dispatch_left_side_menu
                0x00000000        0xc ..\libbip\libbip.a(proxy_import.o)
 .text.get_left_side_menu_active
                0x00000000        0xc ..\libbip\libbip.a(proxy_import.o)
 .text.show_big_digit
                0x00000000        0xc ..\libbip\libbip.a(proxy_import.o)
 .text.vTaskDelay
                0x00000000        0xc ..\libbip\libbip.a(proxy_import.o)
 .text.show_alarm_set_screen
                0x00000000        0xc ..\libbip\libbip.a(proxy_import.o)
 .text.dispatch_alarm_set
                0x00000000        0xc ..\libbip\libbip.a(proxy_import.o)
 .text.store_and_enable_alarm
                0x00000000        0xc ..\libbip\libbip.a(proxy_import.o)
 .text.read_flash
                0x00000000        0xc ..\libbip\libbip.a(proxy_import.o)
 .text.write_flash
                0x00000000        0xc ..\libbip\libbip.a(proxy_import.o)
 .text.get_generic_data
                0x00000000        0xc ..\libbip\libbip.a(proxy_import.o)
 .text.set_generic_data
                0x00000000        0xc ..\libbip\libbip.a(proxy_import.o)
 .text.get_backlight_value
                0x00000000        0xc ..\libbip\libbip.a(proxy_import.o)
 .text.set_backlight_percent
                0x00000000        0xc ..\libbip\libbip.a(proxy_import.o)
 .text.set_backlight_state
                0x00000000        0xc ..\libbip\libbip.a(proxy_import.o)
 .text.set_backlight
                0x00000000        0xc ..\libbip\libbip.a(proxy_import.o)
 .text._rand    0x00000000        0xc ..\libbip\libbip.a(proxy_import.o)
 .text._srand   0x00000000        0xc ..\libbip\libbip.a(proxy_import.o)
 .text.send_host_app_msg
                0x00000000        0xc ..\libbip\libbip.a(proxy_import.o)
 .text.send_host_app_data
                0x00000000        0xc ..\libbip\libbip.a(proxy_import.o)
 .text.check_app_state
                0x00000000        0xc ..\libbip\libbip.a(proxy_import.o)
 .text.stm32_soft_reset
                0x00000000        0xc ..\libbip\libbip.a(proxy_import.o)
 .text.iwdg_reboot
                0x00000000        0xc ..\libbip\libbip.a(proxy_import.o)
 .text.get_last_heartrate
                0x00000000        0xc ..\libbip\libbip.a(proxy_import.o)
 .text.set_hrm_mode
                0x00000000        0xc ..\libbip\libbip.a(proxy_import.o)
 .text.get_hrm_struct
                0x00000000        0xc ..\libbip\libbip.a(proxy_import.o)
 .text.get_res_string_by_id
                0x00000000        0xc ..\libbip\libbip.a(proxy_import.o)
 .text.set_left_side_menu_active
                0x00000000        0xc ..\libbip\libbip.a(proxy_import.o)
 .text.is_gps_fixed
                0x00000000        0xc ..\libbip\libbip.a(proxy_import.o)
 .text.switch_gps_pressure_sensors
                0x00000000        0xc ..\libbip\libbip.a(proxy_import.o)
 .text.get_navi_data
                0x00000000        0xc ..\libbip\libbip.a(proxy_import.o)
 .text.add_notification
                0x00000000        0xc ..\libbip\libbip.a(proxy_import.o)
 .text.create_and_show_notification
                0x00000000        0xc ..\libbip\libbip.a(proxy_import.o)
 .text.get_current_timestamp
                0x00000000        0xc ..\libbip\libbip.a(proxy_import.o)
 .text.f_log_flush
                0x00000000        0xc ..\libbip\libbip.a(proxy_import.o)
 .text.get_battery_charge
                0x00000000        0xc ..\libbip\libbip.a(proxy_import.o)
 .text.silence_page_create_frame
                0x00000000        0xc ..\libbip\libbip.a(proxy_import.o)
 .text.get_selected_locale
                0x00000000        0xc ..\libbip\libbip.a(proxy_import.o)
 .text.get_stored_lang
                0x00000000        0xc ..\libbip\libbip.a(proxy_import.o)
 .text.store_selected_lang
                0x00000000        0xc ..\libbip\libbip.a(proxy_import.o)
 .text.get_system_locale
                0x00000000        0xc ..\libbip\libbip.a(proxy_import.o)
 .text.draw_progressbar
                0x00000000        0xc ..\libbip\libbip.a(proxy_import.o)
 .text.dump_mem
                0x00000000        0xc ..\libbip\libbip.a(proxy_import.o)
 .text.get_res_count
                0x00000000        0xc ..\libbip\libbip.a(proxy_import.o)
 .text.read_res_by_id
                0x00000000        0xc ..\libbip\libbip.a(proxy_import.o)
 .text.add_menu_item
                0x00000000        0xc ..\libbip\libbip.a(proxy_import.o)
 .text.clear_menu
                0x00000000        0xc ..\libbip\libbip.a(proxy_import.o)
 .text.draw_menu
                0x00000000        0xc ..\libbip\libbip.a(proxy_import.o)
 .text.dispatch_menu
                0x00000000        0xc ..\libbip\libbip.a(proxy_import.o)
 .text.push_ret_f
                0x00000000        0xc ..\libbip\libbip.a(proxy_import.o)
 .text.pop_ret_f
                0x00000000        0xc ..\libbip\libbip.a(proxy_import.o)
 .text.load_elf_by_index
                0x00000000        0xc ..\libbip\libbip.a(proxy_import.o)
 .text.load_elf_by_name
                0x00000000        0xc ..\libbip\libbip.a(proxy_import.o)
 .text.init_elf_loader
                0x00000000        0xc ..\libbip\libbip.a(proxy_import.o)
 .text.elf_finish
                0x00000000        0xc ..\libbip\libbip.a(proxy_import.o)
 .text.ElfGetSettingsSize
                0x00000000        0xc ..\libbip\libbip.a(proxy_import.o)
 .text.show_elf_res_by_id
                0x00000000        0xc ..\libbip\libbip.a(proxy_import.o)
 .text.get_res_params
                0x00000000        0xc ..\libbip\libbip.a(proxy_import.o)
 .text.read_elf_res_by_id
                0x00000000        0xc ..\libbip\libbip.a(proxy_import.o)
 .text.get_var_current_screen
                0x00000000        0xc ..\libbip\libbip.a(proxy_import.o)
 .text.set_var_current_screen
                0x00000000        0xc ..\libbip\libbip.a(proxy_import.o)
 .text.get_var_swipe_screen_active_number
                0x00000000        0xc ..\libbip\libbip.a(proxy_import.o)
 .text.set_var_swipe_screen_active_number
                0x00000000        0xc ..\libbip\libbip.a(proxy_import.o)
 .text.get_var_menu_overlay
                0x00000000        0xc ..\libbip\libbip.a(proxy_import.o)
 .text.set_var_menu_overlay
                0x00000000        0xc ..\libbip\libbip.a(proxy_import.o)
 .text.get_ptr_menu_dispatch_func
                0x00000000        0xc ..\libbip\libbip.a(proxy_import.o)
 .text.set_ptr_menu_dispatch_func
                0x00000000        0xc ..\libbip\libbip.a(proxy_import.o)
 .text.get_ptr_key_press_func
                0x00000000        0xc ..\libbip\libbip.a(proxy_import.o)
 .text.set_ptr_key_press_func
                0x00000000        0xc ..\libbip\libbip.a(proxy_import.o)
 .text.get_ptr_screen_job_func
                0x00000000        0xc ..\libbip\libbip.a(proxy_import.o)
 .text.set_ptr_screen_job_func
                0x00000000        0xc ..\libbip\libbip.a(proxy_import.o)
 .text.get_ptr_temp_buf_1
                0x00000000        0xc ..\libbip\libbip.a(proxy_import.o)
 .text.get_ptr_show_menu_func
                0x00000000        0xc ..\libbip\libbip.a(proxy_import.o)
 .text.set_ptr_show_menu_func
                0x00000000        0xc ..\libbip\libbip.a(proxy_import.o)
 .text.get_ptr_long_key_press_func
                0x00000000        0xc ..\libbip\libbip.a(proxy_import.o)
 .text.set_ptr_long_key_press_func
                0x00000000        0xc ..\libbip\libbip.a(proxy_import.o)
 .text.get_var_left_side_menu_active
                0x00000000        0xc ..\libbip\libbip.a(proxy_import.o)
 .text.get_var_free_ram
                0x00000000        0xc ..\libbip\libbip.a(proxy_import.o)
 .text.get_ptr_screen_memory
                0x00000000        0xc ..\libbip\libbip.a(proxy_import.o)
 .text.get_ptr_free_list
                0x00000000        0xc ..\libbip\libbip.a(proxy_import.o)
 .text.outro    0x00000000        0xe ..\libbip\libbip.a(proxy_import.o)

Memory Configuration

Name             Origin             Length             Attributes
*default*        0x00000000         0xffffffff

Linker script and memory map

LOAD bt_notes.o
LOAD notification.o
LOAD utils.o
LOAD C:\Users\XSON\Documents\hobby-amazfit-bip\buildtools\arm-none-eabi\lib\thumb\v7e-m+fp\hard\libm.a
LOAD C:\Users\XSON\Documents\hobby-amazfit-bip\buildtools\arm-none-eabi\lib\thumb\v7e-m+fp\hard\libc.a
LOAD ..\libbip\libbip.a
                [!provide]                PROVIDE (__executable_start = SEGMENT_START ("text-segment", 0x8000))
                0x00008000                . = SEGMENT_START ("text-segment", 0x8000)

.interp         0x00008000       0x11
 *(.interp)
 .interp        0x00008000       0x11 bt_notes.o

.note.gnu.build-id
 *(.note.gnu.build-id)

.hash           0x00008014       0x18
 *(.hash)
 .hash          0x00008014       0x18 bt_notes.o

.gnu.hash
 *(.gnu.hash)

.dynsym         0x0000802c       0x30
 *(.dynsym)
 .dynsym        0x0000802c       0x30 bt_notes.o

.dynstr         0x0000805c        0x1
 *(.dynstr)
 .dynstr        0x0000805c        0x1 bt_notes.o

.gnu.version    0x0000805e        0x0
 *(.gnu.version)
 .gnu.version   0x0000805e        0x0 bt_notes.o

.gnu.version_d  0x00008060        0x0
 *(.gnu.version_d)
 .gnu.version_d
                0x00008060        0x0 bt_notes.o

.gnu.version_r  0x00008060        0x0
 *(.gnu.version_r)
 .gnu.version_r
                0x00008060        0x0 bt_notes.o

.rel.init
 *(.rel.init)

.rela.init
 *(.rela.init)

.rel.text       0x00008060        0x8
 *(.rel.text .rel.text.* .rel.gnu.linkonce.t.*)
 .rel.text      0x00008060        0x8 bt_notes.o

.rela.text
 *(.rela.text .rela.text.* .rela.gnu.linkonce.t.*)

.rel.fini
 *(.rel.fini)

.rela.fini
 *(.rela.fini)

.rel.rodata
 *(.rel.rodata .rel.rodata.* .rel.gnu.linkonce.r.*)

.rela.rodata
 *(.rela.rodata .rela.rodata.* .rela.gnu.linkonce.r.*)

.rel.data.rel.ro
                0x00008068        0x0
 *(.rel.data.rel.ro .rel.data.rel.ro.* .rel.gnu.linkonce.d.rel.ro.*)
 .rel.data.rel.ro
                0x00008068        0x0 bt_notes.o

.rela.data.rel.ro
 *(.rela.data.rel.ro .rela.data.rel.ro.* .rela.gnu.linkonce.d.rel.ro.*)

.rel.data       0x00008068       0x20
 *(.rel.data .rel.data.* .rel.gnu.linkonce.d.*)
 .rel.data.rel.screen_data
                0x00008068       0x20 bt_notes.o

.rela.data
 *(.rela.data .rela.data.* .rela.gnu.linkonce.d.*)

.rel.tdata
 *(.rel.tdata .rel.tdata.* .rel.gnu.linkonce.td.*)

.rela.tdata
 *(.rela.tdata .rela.tdata.* .rela.gnu.linkonce.td.*)

.rel.tbss
 *(.rel.tbss .rel.tbss.* .rel.gnu.linkonce.tb.*)

.rela.tbss
 *(.rela.tbss .rela.tbss.* .rela.gnu.linkonce.tb.*)

.rel.ctors
 *(.rel.ctors)

.rela.ctors
 *(.rela.ctors)

.rel.dtors
 *(.rel.dtors)

.rela.dtors
 *(.rela.dtors)

.rel.got        0x00008088       0x18
 *(.rel.got)
 .rel.got       0x00008088       0x18 bt_notes.o

.rela.got
 *(.rela.got)

.rel.bss        0x000080a0        0x0
 *(.rel.bss .rel.bss.* .rel.gnu.linkonce.b.*)
 .rel.bss       0x000080a0        0x0 bt_notes.o

.rela.bss
 *(.rela.bss .rela.bss.* .rela.gnu.linkonce.b.*)

.rel.iplt       0x000080a0        0x0
                [!provide]                PROVIDE (__rel_iplt_start = .)
 *(.rel.iplt)
 .rel.iplt      0x000080a0        0x0 bt_notes.o
                [!provide]                PROVIDE (__rel_iplt_end = .)

.rela.iplt      0x000080a0        0x0
                [!provide]                PROVIDE (__rela_iplt_start = .)
 *(.rela.iplt)
                [!provide]                PROVIDE (__rela_iplt_end = .)

.rel.plt        0x000080a0        0x0
 *(.rel.plt)
 .rel.plt       0x000080a0        0x0 bt_notes.o

.rela.plt
 *(.rela.plt)

.init
 *(SORT_NONE(.init))

.plt            0x000080a0        0x0
 *(.plt)
 .plt           0x000080a0        0x0 bt_notes.o

.iplt           0x000080a0        0x0
 *(.iplt)
 .iplt          0x000080a0        0x0 bt_notes.o

.text           0x000080a0      0x74c
 *(.text.unlikely .text.*_unlikely .text.unlikely.*)
 *(.text.exit .text.exit.*)
 *(.text.startup .text.startup.*)
 .text.startup.main
                0x000080a0        0xa bt_notes.o
                0x000080a0                main
 *(.text.hot .text.hot.*)
 *(.text .stub .text.* .gnu.linkonce.t.*)
 *fill*         0x000080aa        0x2 
 .text.key_press_screen
                0x000080ac       0x2c bt_notes.o
                0x000080ac                key_press_screen
 .text._text_out_ln
                0x000080d8       0x28 bt_notes.o
                0x000080d8                _text_out_ln
 .text.text_out_with_word_wraps
                0x00008100       0x86 bt_notes.o
                0x00008100                text_out_with_word_wraps
 *fill*         0x00008186        0x2 
 .text.render_home_view
                0x00008188       0x74 bt_notes.o
                0x00008188                render_home_view
 .text.render_help
                0x000081fc       0x28 bt_notes.o
                0x000081fc                render_help
 .text.render_scroll_bar
                0x00008224       0x12 bt_notes.o
                0x00008224                render_scroll_bar
 *fill*         0x00008236        0x2 
 .text.render_note
                0x00008238       0x64 bt_notes.o
                0x00008238                render_note
 .text.render_clock
                0x0000829c       0x38 bt_notes.o
                0x0000829c                render_clock
 .text.render   0x000082d4       0x42 bt_notes.o
                0x000082d4                render
 *fill*         0x00008316        0x2 
 .text.print_debug
                0x00008318       0x64 bt_notes.o
                0x00008318                print_debug
 .text.draw_screen
                0x0000837c       0x48 bt_notes.o
                0x0000837c                draw_screen
 .text.show_screen
                0x000083c4       0xbc bt_notes.o
                0x000083c4                show_screen
 .text.screen_job
                0x00008480       0x12 bt_notes.o
                0x00008480                screen_job
 *fill*         0x00008492        0x2 
 .text.dispatch_screen
                0x00008494      0x100 bt_notes.o
                0x00008494                dispatch_screen
 .text.get_notifications
                0x00008594       0x1c notification.o
                0x00008594                get_notifications
 .text.is_supported_fw
                0x000085b0        0xe notification.o
                0x000085b0                is_supported_fw
 .text.get_note_id_from_noti
                0x000085be       0x30 notification.o
                0x000085be                get_note_id_from_noti
 .text.scan_notifications
                0x000085ee       0x8c notification.o
                0x000085ee                scan_notifications
 .text.m_strcpy
                0x0000867a       0x20 utils.o
                0x0000867a                m_strcpy
 *fill*         0x0000869a        0x2 
 .text          0x0000869c        0xc ..\libbip\libbip.a(proxy_import.o)
                0x0000869c                _start
 .text.text_out
                0x000086a8        0xc ..\libbip\libbip.a(proxy_import.o)
                0x000086a8                text_out
 .text.text_out_center
                0x000086b4        0xc ..\libbip\libbip.a(proxy_import.o)
                0x000086b4                text_out_center
 .text.set_bg_color
                0x000086c0        0xc ..\libbip\libbip.a(proxy_import.o)
                0x000086c0                set_bg_color
 .text.set_fg_color
                0x000086cc        0xc ..\libbip\libbip.a(proxy_import.o)
                0x000086cc                set_fg_color
 .text.draw_horizontal_line
                0x000086d8        0xc ..\libbip\libbip.a(proxy_import.o)
                0x000086d8                draw_horizontal_line
 .text.draw_filled_rect
                0x000086e4        0xc ..\libbip\libbip.a(proxy_import.o)
                0x000086e4                draw_filled_rect
 .text.fill_screen_bg
                0x000086f0        0xc ..\libbip\libbip.a(proxy_import.o)
                0x000086f0                fill_screen_bg
 .text.set_graph_callback_to_ram_1
                0x000086fc        0xc ..\libbip\libbip.a(proxy_import.o)
                0x000086fc                set_graph_callback_to_ram_1
 .text.repaint_screen_lines
                0x00008708        0xc ..\libbip\libbip.a(proxy_import.o)
                0x00008708                repaint_screen_lines
 .text.reg_menu
                0x00008714        0xc ..\libbip\libbip.a(proxy_import.o)
                0x00008714                reg_menu
 .text.show_menu_animate
                0x00008720        0xc ..\libbip\libbip.a(proxy_import.o)
                0x00008720                show_menu_animate
 .text.load_font
                0x0000872c        0xc ..\libbip\libbip.a(proxy_import.o)
                0x0000872c                load_font
 .text._sprintf
                0x00008738        0xc ..\libbip\libbip.a(proxy_import.o)
                0x00008738                _sprintf
 .text._memclr  0x00008744        0xc ..\libbip\libbip.a(proxy_import.o)
                0x00008744                _memclr
 .text.set_update_period
                0x00008750        0xc ..\libbip\libbip.a(proxy_import.o)
                0x00008750                set_update_period
 .text.set_display_state_value
                0x0000875c        0xc ..\libbip\libbip.a(proxy_import.o)
                0x0000875c                set_display_state_value
 .text._pvPortMalloc
                0x00008768        0xc ..\libbip\libbip.a(proxy_import.o)
                0x00008768                _pvPortMalloc
 .text.vPortFree
                0x00008774        0xc ..\libbip\libbip.a(proxy_import.o)
                0x00008774                vPortFree
 .text.get_current_date_time
                0x00008780        0xc ..\libbip\libbip.a(proxy_import.o)
                0x00008780                get_current_date_time
 .text.show_watchface
                0x0000878c        0xc ..\libbip\libbip.a(proxy_import.o)
                0x0000878c                show_watchface
 .text.text_out_font
                0x00008798        0xc ..\libbip\libbip.a(proxy_import.o)
                0x00008798                text_out_font
 .text.pvPortMalloc
                0x000087a4        0xc ..\libbip\libbip.a(proxy_import.o)
                0x000087a4                pvPortMalloc
 .text.get_fw_version
                0x000087b0        0xc ..\libbip\libbip.a(proxy_import.o)
                0x000087b0                get_fw_version
 .text.ElfReadSettings
                0x000087bc        0xc ..\libbip\libbip.a(proxy_import.o)
                0x000087bc                ElfReadSettings
 .text.ElfWriteSettings
                0x000087c8        0xc ..\libbip\libbip.a(proxy_import.o)
                0x000087c8                ElfWriteSettings
 .text.get_proc_by_addr
                0x000087d4        0xc ..\libbip\libbip.a(proxy_import.o)
                0x000087d4                get_proc_by_addr
 .text.get_ptr_temp_buf_2
                0x000087e0        0xc ..\libbip\libbip.a(proxy_import.o)
                0x000087e0                get_ptr_temp_buf_2
 *(.gnu.warning)
 *(.glue_7t)
 .glue_7t       0x000087ec        0x0 linker stubs
 *(.glue_7)
 .glue_7        0x000087ec        0x0 linker stubs
 *(.vfp11_veneer)
 .vfp11_veneer  0x000087ec        0x0 linker stubs
 *(.v4_bx)
 .v4_bx         0x000087ec        0x0 linker stubs

.fini
 *(SORT_NONE(.fini))
                [!provide]                PROVIDE (__etext = .)
                [!provide]                PROVIDE (_etext = .)
                [!provide]                PROVIDE (etext = .)

.rodata         0x000087ec       0xda
 *(.rodata .rodata.* .gnu.linkonce.r.*)
 .rodata.render_home_view.str1.1
                0x000087ec        0xf bt_notes.o
 .rodata.render_help.str1.1
                0x000087fb       0x79 bt_notes.o
 .rodata.render_note.str1.1
                0x00008874        0xb bt_notes.o
 .rodata.render_clock.str1.1
                0x0000887f        0xa bt_notes.o
 .rodata.print_debug.str1.1
                0x00008889        0x9 bt_notes.o
 .rodata.show_screen.str1.1
                0x00008892       0x34 bt_notes.o

.rodata1
 *(.rodata1)

.ARM.extab
 *(.ARM.extab* .gnu.linkonce.armextab.*)
                [!provide]                PROVIDE (__exidx_start = .)

.ARM.exidx
 *(.ARM.exidx* .gnu.linkonce.armexidx.*)
                [!provide]                PROVIDE (__exidx_end = .)

.eh_frame_hdr
 *(.eh_frame_hdr)
 *(.eh_frame_entry .eh_frame_entry.*)

.eh_frame
 *(.eh_frame)
 *(.eh_frame.*)

.gcc_except_table
 *(.gcc_except_table .gcc_except_table.*)

.gnu_extab
 *(.gnu_extab*)

.exception_ranges
 *(.exception_ranges*)
                0x000088c6                . = .

.eh_frame
 *(.eh_frame)
 *(.eh_frame.*)

.gnu_extab
 *(.gnu_extab)

.gcc_except_table
 *(.gcc_except_table .gcc_except_table.*)

.exception_ranges
 *(.exception_ranges*)

.tdata          0x000088c6        0x0
                [!provide]                PROVIDE (__tdata_start = .)
 *(.tdata .tdata.* .gnu.linkonce.td.*)

.tbss
 *(.tbss .tbss.* .gnu.linkonce.tb.*)
 *(.tcommon)

.preinit_array  0x000088c6        0x0
                [!provide]                PROVIDE (__preinit_array_start = .)
 *(.preinit_array)
                [!provide]                PROVIDE (__preinit_array_end = .)

.init_array     0x000088c6        0x0
                [!provide]                PROVIDE (__init_array_start = .)
 *(SORT_BY_INIT_PRIORITY(.init_array.*) SORT_BY_INIT_PRIORITY(.ctors.*))
 *(.init_array EXCLUDE_FILE(*crtend?.o *crtend.o *crtbegin?.o *crtbegin.o) .ctors)
                [!provide]                PROVIDE (__init_array_end = .)

.fini_array     0x000088c6        0x0
                [!provide]                PROVIDE (__fini_array_start = .)
 *(SORT_BY_INIT_PRIORITY(.fini_array.*) SORT_BY_INIT_PRIORITY(.dtors.*))
 *(.fini_array EXCLUDE_FILE(*crtend?.o *crtend.o *crtbegin?.o *crtbegin.o) .dtors)
                [!provide]                PROVIDE (__fini_array_end = .)

.ctors
 *crtbegin.o(.ctors)
 *crtbegin?.o(.ctors)
 *(EXCLUDE_FILE(*crtend?.o *crtend.o) .ctors)
 *(SORT_BY_NAME(.ctors.*))
 *(.ctors)

.dtors
 *crtbegin.o(.dtors)
 *crtbegin?.o(.dtors)
 *(EXCLUDE_FILE(*crtend?.o *crtend.o) .dtors)
 *(SORT_BY_NAME(.dtors.*))
 *(.dtors)

.jcr
 *(.jcr)

.data.rel.ro    0x000088c6        0x0
 *(.data.rel.ro.local* .gnu.linkonce.d.rel.ro.local.*)
 *(.data.rel.ro .data.rel.ro.* .gnu.linkonce.d.rel.ro.*)
 .data.rel.ro   0x000088c6        0x0 bt_notes.o

.dynamic        0x000088c8       0x80
 *(.dynamic)
 .dynamic       0x000088c8       0x80 bt_notes.o
                0x000088c8                _DYNAMIC

.got            0x00008948       0x18
 *(.got.plt)
 .got.plt       0x00008948        0xc bt_notes.o
                0x00008948                _GLOBAL_OFFSET_TABLE_
 *(.igot.plt)
 .igot.plt      0x00008954        0x0 bt_notes.o
 *(.got)
 .got           0x00008954        0xc bt_notes.o
 *(.igot)

.data           0x00008960       0x20
                0x00008960                __data_start = .
 *(.data .data.* .gnu.linkonce.d.*)
 .data.rel.screen_data
                0x00008960       0x20 bt_notes.o
                0x00008960                screen_data

.data1
 *(.data1)
                0x00008980                _edata = .
                [!provide]                PROVIDE (edata = .)
                0x00008980                . = .
                0x00008980                __bss_start = .
                0x00008980                __bss_start__ = .

.bss            0x00008980        0x0
 *(.dynbss)
 .dynbss        0x00008980        0x0 bt_notes.o
 *(.bss .bss.* .gnu.linkonce.b.*)
 *(COMMON)
                0x00008980                . = ALIGN ((. != 0x0)?0x4:0x1)
                0x00008980                _bss_end__ = .
                0x00008980                __bss_end__ = .
                0x00008980                . = ALIGN (0x4)
                0x00008980                . = SEGMENT_START ("ldata-segment", .)
                0x00008980                . = ALIGN (0x4)
                0x00008980                __end__ = .
                0x00008980                _end = .
                [!provide]                PROVIDE (end = .)

.stack          0x00080000        0x0
                0x00080000                _stack = .
 *(.stack)

.stab
 *(.stab)

.stabstr
 *(.stabstr)

.stab.excl
 *(.stab.excl)

.stab.exclstr
 *(.stab.exclstr)

.stab.index
 *(.stab.index)

.stab.indexstr
 *(.stab.indexstr)

.comment        0x00000000       0x79
 *(.comment)
 .comment       0x00000000       0x79 bt_notes.o
                                 0x7a (size before relaxing)
 .comment       0x00000079       0x7a notification.o
 .comment       0x00000079       0x7a utils.o

.gnu.build.attributes
 *(.gnu.build.attributes .gnu.build.attributes.*)

.debug
 *(.debug)

.line
 *(.line)

.debug_srcinfo
 *(.debug_srcinfo)

.debug_sfnames
 *(.debug_sfnames)

.debug_aranges
 *(.debug_aranges)

.debug_pubnames
 *(.debug_pubnames)

.debug_info
 *(.debug_info .gnu.linkonce.wi.*)

.debug_abbrev
 *(.debug_abbrev)

.debug_line
 *(.debug_line .debug_line.* .debug_line_end)

.debug_frame
 *(.debug_frame)

.debug_str
 *(.debug_str)

.debug_loc
 *(.debug_loc)

.debug_macinfo
 *(.debug_macinfo)

.debug_weaknames
 *(.debug_weaknames)

.debug_funcnames
 *(.debug_funcnames)

.debug_typenames
 *(.debug_typenames)

.debug_varnames
 *(.debug_varnames)

.debug_pubtypes
 *(.debug_pubtypes)

.debug_ranges
 *(.debug_ranges)

.debug_macro
 *(.debug_macro)

.debug_addr
 *(.debug_addr)

.ARM.attributes
                0x00000000       0x32
 *(.ARM.attributes)
 .ARM.attributes
                0x00000000       0x34 bt_notes.o
 .ARM.attributes
                0x00000034       0x34 notification.o
 .ARM.attributes
                0x00000068       0x34 utils.o
 .ARM.attributes
                0x0000009c       0x21 ..\libbip\libbip.a(proxy_import.o)
 *(.gnu.attributes)

.note.gnu.arm.ident
 *(.note.gnu.arm.ident)

.noinit         0x00008980        0x0
                0x00008980                . = ALIGN (0x2)
                [!provide]                PROVIDE (__noinit_start = .)
 *(.noinit)
                0x00008980                . = ALIGN (0x2)
                [!provide]                PROVIDE (__noinit_end = .)

/DISCARD/
 *(.note.GNU-stack)
 *(.gnu_debuglink)
 *(.gnu.lto_*)
OUTPUT(nui_bt_notes.elf elf32-littlearm)

Cross Reference Table

Symbol                                            File
ElfGetSettingsSize                                ..\libbip\libbip.a(proxy_import.o)
ElfReadSettings                                   ..\libbip\libbip.a(proxy_import.o)
                                                  notification.o
                                                  bt_notes.o
ElfWriteSettings                                  ..\libbip\libbip.a(proxy_import.o)
                                                  notification.o
_DYNAMIC                                          bt_notes.o
_GLOBAL_OFFSET_TABLE_                             bt_notes.o
_memclr                                           ..\libbip\libbip.a(proxy_import.o)
                                                  bt_notes.o
_memcmp                                           ..\libbip\libbip.a(proxy_import.o)
_memcpy                                           ..\libbip\libbip.a(proxy_import.o)
_memset                                           ..\libbip\libbip.a(proxy_import.o)
_pvPortMalloc                                     ..\libbip\libbip.a(proxy_import.o)
                                                  notification.o
_rand                                             ..\libbip\libbip.a(proxy_import.o)
_sprintf                                          ..\libbip\libbip.a(proxy_import.o)
                                                  bt_notes.o
_srand                                            ..\libbip\libbip.a(proxy_import.o)
_start                                            ..\libbip\libbip.a(proxy_import.o)
_strcmp                                           ..\libbip\libbip.a(proxy_import.o)
_strcpy                                           ..\libbip\libbip.a(proxy_import.o)
_strlen                                           ..\libbip\libbip.a(proxy_import.o)
_strncmp                                          ..\libbip\libbip.a(proxy_import.o)
_strncpy                                          ..\libbip\libbip.a(proxy_import.o)
_text_out_ln                                      bt_notes.o
add_menu_item                                     ..\libbip\libbip.a(proxy_import.o)
add_notification                                  ..\libbip\libbip.a(proxy_import.o)
check_app_state                                   ..\libbip\libbip.a(proxy_import.o)
clear_menu                                        ..\libbip\libbip.a(proxy_import.o)
create_and_show_notification                      ..\libbip\libbip.a(proxy_import.o)
dispatch_alarm_set                                ..\libbip\libbip.a(proxy_import.o)
dispatch_left_side_menu                           ..\libbip\libbip.a(proxy_import.o)
dispatch_menu                                     ..\libbip\libbip.a(proxy_import.o)
dispatch_screen                                   bt_notes.o
draw_filled_rect                                  ..\libbip\libbip.a(proxy_import.o)
                                                  bt_notes.o
draw_filled_rect_bg                               ..\libbip\libbip.a(proxy_import.o)
draw_horizontal_line                              ..\libbip\libbip.a(proxy_import.o)
                                                  bt_notes.o
draw_menu                                         ..\libbip\libbip.a(proxy_import.o)
draw_progressbar                                  ..\libbip\libbip.a(proxy_import.o)
draw_rect                                         ..\libbip\libbip.a(proxy_import.o)
draw_rect_or_line                                 ..\libbip\libbip.a(proxy_import.o)
draw_screen                                       bt_notes.o
draw_vertical_line                                ..\libbip\libbip.a(proxy_import.o)
dump_mem                                          ..\libbip\libbip.a(proxy_import.o)
elf_finish                                        ..\libbip\libbip.a(proxy_import.o)
f_log_flush                                       ..\libbip\libbip.a(proxy_import.o)
fill_screen_bg                                    ..\libbip\libbip.a(proxy_import.o)
                                                  bt_notes.o
get_backlight_value                               ..\libbip\libbip.a(proxy_import.o)
get_battery_charge                                ..\libbip\libbip.a(proxy_import.o)
get_current_date_time                             ..\libbip\libbip.a(proxy_import.o)
                                                  bt_notes.o
get_current_timestamp                             ..\libbip\libbip.a(proxy_import.o)
get_fw_version                                    ..\libbip\libbip.a(proxy_import.o)
                                                  notification.o
get_generic_data                                  ..\libbip\libbip.a(proxy_import.o)
get_hrm_struct                                    ..\libbip\libbip.a(proxy_import.o)
get_last_heartrate                                ..\libbip\libbip.a(proxy_import.o)
get_last_text_pos_x                               ..\libbip\libbip.a(proxy_import.o)
get_left_side_menu_active                         ..\libbip\libbip.a(proxy_import.o)
get_navi_data                                     ..\libbip\libbip.a(proxy_import.o)
get_note_id_from_noti                             notification.o
get_notifications                                 notification.o
                                                  bt_notes.o
get_proc_by_addr                                  ..\libbip\libbip.a(proxy_import.o)
                                                  bt_notes.o
get_ptr_free_list                                 ..\libbip\libbip.a(proxy_import.o)
get_ptr_key_press_func                            ..\libbip\libbip.a(proxy_import.o)
get_ptr_long_key_press_func                       ..\libbip\libbip.a(proxy_import.o)
get_ptr_menu_dispatch_func                        ..\libbip\libbip.a(proxy_import.o)
get_ptr_screen_job_func                           ..\libbip\libbip.a(proxy_import.o)
get_ptr_screen_memory                             ..\libbip\libbip.a(proxy_import.o)
get_ptr_show_menu_func                            ..\libbip\libbip.a(proxy_import.o)
get_ptr_temp_buf_1                                ..\libbip\libbip.a(proxy_import.o)
get_ptr_temp_buf_2                                ..\libbip\libbip.a(proxy_import.o)
                                                  bt_notes.o
get_res_count                                     ..\libbip\libbip.a(proxy_import.o)
get_res_params                                    ..\libbip\libbip.a(proxy_import.o)
get_res_ret_language                              ..\libbip\libbip.a(proxy_import.o)
get_res_string_by_id                              ..\libbip\libbip.a(proxy_import.o)
get_selected_locale                               ..\libbip\libbip.a(proxy_import.o)
get_stored_lang                                   ..\libbip\libbip.a(proxy_import.o)
get_system_locale                                 ..\libbip\libbip.a(proxy_import.o)
get_text_height                                   ..\libbip\libbip.a(proxy_import.o)
get_tick_count                                    ..\libbip\libbip.a(proxy_import.o)
get_var_current_screen                            ..\libbip\libbip.a(proxy_import.o)
get_var_free_ram                                  ..\libbip\libbip.a(proxy_import.o)
get_var_left_side_menu_active                     ..\libbip\libbip.a(proxy_import.o)
get_var_menu_overlay                              ..\libbip\libbip.a(proxy_import.o)
get_var_swipe_screen_active_number                ..\libbip\libbip.a(proxy_import.o)
init_elf_loader                                   ..\libbip\libbip.a(proxy_import.o)
is_gps_fixed                                      ..\libbip\libbip.a(proxy_import.o)
is_supported_fw                                   notification.o
                                                  bt_notes.o
iwdg_reboot                                       ..\libbip\libbip.a(proxy_import.o)
key_press_screen                                  bt_notes.o
keypress_menu_alipay_1st_screen                   ..\libbip\libbip.a(proxy_import.o)
load_elf_by_index                                 ..\libbip\libbip.a(proxy_import.o)
load_elf_by_name                                  ..\libbip\libbip.a(proxy_import.o)
load_font                                         ..\libbip\libbip.a(proxy_import.o)
                                                  bt_notes.o
log_printf                                        ..\libbip\libbip.a(proxy_import.o)
m_strcpy                                          utils.o
                                                  notification.o
                                                  bt_notes.o
main                                              bt_notes.o
                                                  ..\libbip\libbip.a(proxy_import.o)
pop_ret_f                                         ..\libbip\libbip.a(proxy_import.o)
print_debug                                       bt_notes.o
push_ret_f                                        ..\libbip\libbip.a(proxy_import.o)
pvPortMalloc                                      ..\libbip\libbip.a(proxy_import.o)
                                                  bt_notes.o
read_elf_res_by_id                                ..\libbip\libbip.a(proxy_import.o)
read_flash                                        ..\libbip\libbip.a(proxy_import.o)
read_res_by_id                                    ..\libbip\libbip.a(proxy_import.o)
reg_menu                                          ..\libbip\libbip.a(proxy_import.o)
                                                  bt_notes.o
render                                            bt_notes.o
render_clock                                      bt_notes.o
render_help                                       bt_notes.o
render_home_view                                  bt_notes.o
render_note                                       bt_notes.o
render_scroll_bar                                 bt_notes.o
repaint_screen                                    ..\libbip\libbip.a(proxy_import.o)
repaint_screen_lines                              ..\libbip\libbip.a(proxy_import.o)
                                                  bt_notes.o
scan_notifications                                notification.o
                                                  bt_notes.o
screen_data                                       bt_notes.o
screen_job                                        bt_notes.o
send_host_app_data                                ..\libbip\libbip.a(proxy_import.o)
send_host_app_msg                                 ..\libbip\libbip.a(proxy_import.o)
set_backlight                                     ..\libbip\libbip.a(proxy_import.o)
set_backlight_percent                             ..\libbip\libbip.a(proxy_import.o)
set_backlight_state                               ..\libbip\libbip.a(proxy_import.o)
set_bg_color                                      ..\libbip\libbip.a(proxy_import.o)
                                                  bt_notes.o
set_close_timer                                   ..\libbip\libbip.a(proxy_import.o)
set_display_state_value                           ..\libbip\libbip.a(proxy_import.o)
                                                  bt_notes.o
set_fg_color                                      ..\libbip\libbip.a(proxy_import.o)
                                                  bt_notes.o
set_generic_data                                  ..\libbip\libbip.a(proxy_import.o)
set_graph_callback_to_ram_1                       ..\libbip\libbip.a(proxy_import.o)
                                                  bt_notes.o
set_hrm_mode                                      ..\libbip\libbip.a(proxy_import.o)
set_left_side_menu_active                         ..\libbip\libbip.a(proxy_import.o)
set_ptr_key_press_func                            ..\libbip\libbip.a(proxy_import.o)
set_ptr_long_key_press_func                       ..\libbip\libbip.a(proxy_import.o)
set_ptr_menu_dispatch_func                        ..\libbip\libbip.a(proxy_import.o)
set_ptr_screen_job_func                           ..\libbip\libbip.a(proxy_import.o)
set_ptr_show_menu_func                            ..\libbip\libbip.a(proxy_import.o)
set_update_period                                 ..\libbip\libbip.a(proxy_import.o)
                                                  bt_notes.o
set_var_current_screen                            ..\libbip\libbip.a(proxy_import.o)
set_var_menu_overlay                              ..\libbip\libbip.a(proxy_import.o)
set_var_swipe_screen_active_number                ..\libbip\libbip.a(proxy_import.o)
show_alarm_set_screen                             ..\libbip\libbip.a(proxy_import.o)
show_big_digit                                    ..\libbip\libbip.a(proxy_import.o)
show_elf_res_by_id                                ..\libbip\libbip.a(proxy_import.o)
show_main_menu_item                               ..\libbip\libbip.a(proxy_import.o)
show_menu                                         ..\libbip\libbip.a(proxy_import.o)
show_menu_alipay                                  ..\libbip\libbip.a(proxy_import.o)
show_menu_animate                                 ..\libbip\libbip.a(proxy_import.o)
                                                  bt_notes.o
show_menu_options                                 ..\libbip\libbip.a(proxy_import.o)
show_menu_touch_test                              ..\libbip\libbip.a(proxy_import.o)
show_options_menu_1st_screen                      ..\libbip\libbip.a(proxy_import.o)
show_options_menu_2nd_screen                      ..\libbip\libbip.a(proxy_import.o)
show_poweroff_message                             ..\libbip\libbip.a(proxy_import.o)
show_res_by_id                                    ..\libbip\libbip.a(proxy_import.o)
show_screen                                       bt_notes.o
show_watchface                                    ..\libbip\libbip.a(proxy_import.o)
                                                  bt_notes.o
silence_page_create_frame                         ..\libbip\libbip.a(proxy_import.o)
stm32_soft_reset                                  ..\libbip\libbip.a(proxy_import.o)
store_and_enable_alarm                            ..\libbip\libbip.a(proxy_import.o)
store_selected_lang                               ..\libbip\libbip.a(proxy_import.o)
switch_gps_pressure_sensors                       ..\libbip\libbip.a(proxy_import.o)
text_out                                          ..\libbip\libbip.a(proxy_import.o)
                                                  bt_notes.o
text_out_center                                   ..\libbip\libbip.a(proxy_import.o)
                                                  bt_notes.o
text_out_font                                     ..\libbip\libbip.a(proxy_import.o)
                                                  bt_notes.o
text_out_with_word_wraps                          bt_notes.o
text_width                                        ..\libbip\libbip.a(proxy_import.o)
vPortFree                                         ..\libbip\libbip.a(proxy_import.o)
                                                  notification.o
vTaskDelay                                        ..\libbip\libbip.a(proxy_import.o)
vibrate                                           ..\libbip\libbip.a(proxy_import.o)
write_flash                                       ..\libbip\libbip.a(proxy_import.o)
